ERROR in ./src/pages/HomePage.js
Module build failed (from ./node_modules/babel-loader/lib/index.js):
Error: [BABEL] C:\Users\morad\Desktop\Software Engineer\Web\car-rental-system\src\pages\HomePage.js: Cannot find module '@babel/plugin-proposal-private-property-in-object'
Require stack:
- C:\Users\morad\Desktop\Software Engineer\Web\car-rental-system\node_modules\babel-preset-react-app\create.js
- C:\Users\morad\Desktop\Software Engineer\Web\car-rental-system\node_modules\babel-preset-react-app\index.js
- C:\Users\morad\Desktop\Software Engineer\Web\car-rental-system\node_modules\@babel\core\lib\config\files\module-types.js
- C:\Users\morad\Desktop\Software Engineer\Web\car-rental-system\node_modules\@babel\core\lib\config\files\configuration.js
- C:\Users\morad\Desktop\Software Engineer\Web\car-rental-system\node_modules\@babel\core\lib\config\files\index.js
- C:\Users\morad\Desktop\Software Engineer\Web\car-rental-system\node_modules\@babel\core\lib\index.js
- C:\Users\morad\Desktop\Software Engineer\Web\car-rental-system\node_modules\@rollup\plugin-babel\dist\index.js
- C:\Users\morad\Desktop\Software Engineer\Web\car-rental-system\node_modules\workbox-build\build\lib\bundle.js
- C:\Users\morad\Desktop\Software Engineer\Web\car-rental-system\node_modules\workbox-webpack-plugin\build\generate-sw.js
- C:\Users\morad\Desktop\Software Engineer\Web\car-rental-system\node_modules\workbox-webpack-plugin\build\index.js
- C:\Users\morad\Desktop\Software Engineer\Web\car-rental-system\node_modules\react-scripts\config\webpack.config.js
- C:\Users\morad\Desktop\Software Engineer\Web\car-rental-system\node_modules\react-scripts\scripts\start.js (While processing: "C:\\Users\\morad\\Desktop\\Software Engineer\\Web\\car-rental-system\\node_modules\\babel-preset-react-app\\index.js")
    at Function._resolveFilename (node:internal/modules/cjs/loader:1249:15)
    at Function._load (node:internal/modules/cjs/loader:1075:27)
    at TracingChannel.traceSync (node:diagnostics_channel:322:14)
    at wrapModuleLoad (node:internal/modules/cjs/loader:219:24)
    at Module.require (node:internal/modules/cjs/loader:1340:12)
    at require (node:internal/modules/helpers:138:16)
    at module.exports (C:\Users\morad\Desktop\Software Engineer\Web\car-rental-system\node_modules\babel-preset-react-app\create.js:168:9)
    at module.exports (C:\Users\morad\Desktop\Software Engineer\Web\car-rental-system\node_modules\babel-preset-react-app\index.js:19:10)
    at async (C:\Users\morad\Desktop\Software Engineer\Web\car-rental-system\node_modules\@babel\core\lib\gensync-utils\async.js:35:33)
    at async (C:\Users\morad\Desktop\Software Engineer\Web\car-rental-system\node_modules\gensync\index.js:186:15)
    at C:\Users\morad\Desktop\Software Engineer\Web\car-rental-system\node_modules\gensync\index.js:216:13
    at Generator.next (<anonymous>)
    at C:\Users\morad\Desktop\Software Engineer\Web\car-rental-system\node_modules\@babel\core\lib\config\full.js:180:21
    at Generator.next (<anonymous>)
    at Function.<anonymous> (C:\Users\morad\Desktop\Software Engineer\Web\car-rental-system\node_modules\@babel\core\lib\gensync-utils\async.js:21:3)
    at Generator.next (<anonymous>)
    at step (C:\Users\morad\Desktop\Software Engineer\Web\car-rental-system\node_modules\gensync\index.js:269:25)
    at evaluateAsync (C:\Users\morad\Desktop\Software Engineer\Web\car-rental-system\node_modules\gensync\index.js:291:5)
    at Function.errback (C:\Users\morad\Desktop\Software Engineer\Web\car-rental-system\node_modules\gensync\index.js:113:7)
    at errback (C:\Users\morad\Desktop\Software Engineer\Web\car-rental-system\node_modules\@babel\core\lib\gensync-utils\async.js:65:18)
    at async (C:\Users\morad\Desktop\Software Engineer\Web\car-rental-system\node_modules\gensync\index.js:188:17)
    at onFirstPause (C:\Users\morad\Desktop\Software Engineer\Web\car-rental-system\node_modules\gensync\index.js:216:13)
    at Generator.next (<anonymous>)
    at cachedFunction (C:\Users\morad\Desktop\Software Engineer\Web\car-rental-system\node_modules\@babel\core\lib\config\caching.js:52:46)
    at cachedFunction.next (<anonymous>)
    at loadPresetDescriptor (C:\Users\morad\Desktop\Software Engineer\Web\car-rental-system\node_modules\@babel\core\lib\config\full.js:292:43)
    at loadPresetDescriptor.next (<anonymous>)
    at recursePresetDescriptors (C:\Users\morad\Desktop\Software Engineer\Web\car-rental-system\node_modules\@babel\core\lib\config\full.js:77:31)
    at recursePresetDescriptors.next (<anonymous>)
    at C:\Users\morad\Desktop\Software Engineer\Web\car-rental-system\node_modules\@babel\core\lib\config\full.js:156:21
    at Generator.next (<anonymous>)
    at loadFullConfig (C:\Users\morad\Desktop\Software Engineer\Web\car-rental-system\node_modules\@babel\core\lib\config\full.js:113:5)
    at loadFullConfig.next (<anonymous>)
    at transform (C:\Users\morad\Desktop\Software Engineer\Web\car-rental-system\node_modules\@babel\core\lib\transform.js:20:44)
    at transform.next (<anonymous>)
    at step (C:\Users\morad\Desktop\Software Engineer\Web\car-rental-system\node_modules\gensync\index.js:269:25)
    at evaluateAsync (C:\Users\morad\Desktop\Software Engineer\Web\car-rental-system\node_modules\gensync\index.js:291:5)
    at errback (C:\Users\morad\Desktop\Software Engineer\Web\car-rental-system\node_modules\gensync\index.js:113:7)
    at stopHiding - secret - don't use this - v1 (C:\Users\morad\Desktop\Software Engineer\Web\car-rental-system\node_modules\@babel\core\lib\errors\rewrite-stack-trace.js:47:12)
    at transform (C:\Users\morad\Desktop\Software Engineer\Web\car-rental-system\node_modules\@babel\core\lib\transform.js:39:72)
    at node:internal/util:455:21
    at new Promise (<anonymous>)
    at transform (node:internal/util:441:12)
    at C:\Users\morad\Desktop\Software Engineer\Web\car-rental-system\node_modules\babel-loader\lib\transform.js:15:22
    at Generator.next (<anonymous>)
    at asyncGeneratorStep (C:\Users\morad\Desktop\Software Engineer\Web\car-rental-system\node_modules\babel-loader\lib\transform.js:3:103)
    at _next (C:\Users\morad\Desktop\Software Engineer\Web\car-rental-system\node_modules\babel-loader\lib\transform.js:4:194)
    at C:\Users\morad\Desktop\Software Engineer\Web\car-rental-system\node_modules\babel-loader\lib\transform.js:4:364
    at new Promise (<anonymous>)
    at C:\Users\morad\Desktop\Software Engineer\Web\car-rental-system\node_modules\babel-loader\lib\transform.js:4:97
ERROR
[eslint] 
src\pages\HomePage.js
  Line 0:  Parsing error: [BABEL] C:\Users\morad\Desktop\Software Engineer\Web\car-rental-system\src\pages\HomePage.js: Cannot find module '@babel/plugin-proposal-private-property-in-object'
Require stack:
- C:\Users\morad\Desktop\Software Engineer\Web\car-rental-system\node_modules\babel-preset-react-app\create.js
- C:\Users\morad\Desktop\Software Engineer\Web\car-rental-system\node_modules\babel-preset-react-app\index.js
- C:\Users\morad\Desktop\Software Engineer\Web\car-rental-system\node_modules\@babel\core\lib\config\files\module-types.js
- C:\Users\morad\Desktop\Software Engineer\Web\car-rental-system\node_modules\@babel\core\lib\config\files\configuration.js
- C:\Users\morad\Desktop\Software Engineer\Web\car-rental-system\node_modules\@babel\core\lib\config\files\index.js
- C:\Users\morad\Desktop\Software Engineer\Web\car-rental-system\node_modules\@babel\core\lib\index.js
- C:\Users\morad\Desktop\Software Engineer\Web\car-rental-system\node_modules\@rollup\plugin-babel\dist\index.js
- C:\Users\morad\Desktop\Software Engineer\Web\car-rental-system\node_modules\workbox-build\build\lib\bundle.js
- C:\Users\morad\Desktop\Software Engineer\Web\car-rental-system\node_modules\workbox-webpack-plugin\build\generate-sw.js
- C:\Users\morad\Desktop\Software Engineer\Web\car-rental-system\node_modules\workbox-webpack-plugin\build\index.js
- C:\Users\morad\Desktop\Software Engineer\Web\car-rental-system\node_modules\react-scripts\config\webpack.config.js
- C:\Users\morad\Desktop\Software Engineer\Web\car-rental-system\node_modules\react-scripts\scripts\start.js (While processing: "C:\\Users\\morad\\Desktop\\Software Engineer\\Web\\car-rental-system\\node_modules\\babel-preset-react-app\\prod.js")